[preview.colorlib.com/theme/magdesign/index.html]
[preview.colorlib.com/theme/magdesign/fonts/icomoon/style.css]
[preview.colorlib.com/theme/magdesign/fonts/flaticon/font/flaticon.css]
[preview.colorlib.com/theme/magdesign/css/tiny-slider.css]
[preview.colorlib.com/theme/magdesign/css/glightbox.min.css]
[preview.colorlib.com/theme/magdesign/css/aos.css]
[backblue.gif]
[fade.gif]
[index.html]
[preview.colorlib.com/theme/magdesign/css/style.css]
[preview.colorlib.com/theme/magdesign/index-2.html]
[preview.colorlib.com/theme/magdesign/categories.html]
[preview.colorlib.com/theme/magdesign/single.html]
[preview.colorlib.com/theme/magdesign/images/post_lg_1.jpg]
[preview.colorlib.com/theme/magdesign/images/person_1.jpg]
[preview.colorlib.com/theme/magdesign/images/post_lg_2.jpg]
[preview.colorlib.com/theme/magdesign/images/post_lg_3.jpg]
[preview.colorlib.com/theme/magdesign/images/post_lg_4.jpg]
[preview.colorlib.com/theme/magdesign/images/img_2.jpg]
[preview.colorlib.com/theme/magdesign/images/img_3.jpg]
[preview.colorlib.com/theme/magdesign/images/img_4.jpg]
[preview.colorlib.com/theme/magdesign/images/img_5.jpg]
[preview.colorlib.com/theme/magdesign/images/img_6.jpg]
[preview.colorlib.com/theme/magdesign/images/img_7.jpg]
[preview.colorlib.com/theme/magdesign/js/bootstrap.bundle.min.js]
[preview.colorlib.com/theme/magdesign/js/tiny-slider.js]
[preview.colorlib.com/theme/magdesign/js/glightbox.min.js]
[preview.colorlib.com/theme/magdesign/js/aos.js]
[preview.colorlib.com/theme/magdesign/js/navbar.js]
[preview.colorlib.com/theme/magdesign/js/counter.js]
[preview.colorlib.com/theme/magdesign/js/custom.js]
[preview.colorlib.com/theme/magdesign/index.html]
[preview.colorlib.com/theme/magdesign/fonts/icomoon/fonts/icomoon1a44.woff]
[preview.colorlib.com/theme/magdesign/fonts/icomoon/fonts/icomoon1a44.ttf]
[preview.colorlib.com/theme/magdesign/fonts/icomoon/style.css]
[preview.colorlib.com/theme/magdesign/fonts/flaticon/font/Flaticon.eot]
[preview.colorlib.com/theme/magdesign/fonts/flaticon/font/Flaticond41d.eot]
[preview.colorlib.com/theme/magdesign/fonts/flaticon/font/Flaticon.woff2]
[preview.colorlib.com/theme/magdesign/fonts/icomoon/fonts/icomoon1a44.svg]
[preview.colorlib.com/theme/magdesign/fonts/flaticon/font/Flaticon.woff]
[preview.colorlib.com/theme/magdesign/fonts/flaticon/font/Flaticon.ttf]
[preview.colorlib.com/theme/magdesign/fonts/flaticon/font/flaticon.css]
[preview.colorlib.com/theme/magdesign/css/tiny-slider.css]
[preview.colorlib.com/theme/magdesign/css/glightbox.min.css]
[preview.colorlib.com/theme/magdesign/css/aos.css]
[preview.colorlib.com/theme/magdesign/css/style.css]
[preview.colorlib.com/theme/magdesign/index-2.html]
[preview.colorlib.com/theme/magdesign/categories.html]
[preview.colorlib.com/theme/magdesign/single.html]
[preview.colorlib.com/theme/magdesign/fonts/icomoon/fonts/icomoon1a44.eot]
[preview.colorlib.com/theme/magdesign/fonts/icomoon/fonts/icomoon1a44.svg]
[preview.colorlib.com/theme/magdesign/fonts/flaticon/font/Flaticon.svg]
[preview.colorlib.com/theme/magdesign/fonts/flaticon/font/Flaticon.svg]
